Connection failed: TypeError: fetch failed
    at node:internal/deps/undici/undici:15845:13
    at process.processTicksAndRejections (node:internal/process/task_queues:103:5)
    at async zn.request (F:\Projects\repository\bodega-app\node_modules\@prisma\client\src\runtime\core\engines\client\RemoteExecutor.ts:310:23)
    at async Lr.#s (F:\Projects\repository\bodega-app\node_modules\@prisma\client\src\runtime\core\engines\client\RemoteExecutor.ts:147:22)
    at async Lr.getConnectionInfo (F:\Projects\repository\bodega-app\node_modules\@prisma\client\src\runtime\core\engines\client\RemoteExecutor.ts:61:22)
    at async Dt.#a (F:\Projects\repository\bodega-app\node_modules\@prisma\client\src\runtime\core\engines\client\ClientEngine.ts:247:42)
    at async <anonymous> (F:\Projects\repository\bodega-app\node_modules\@prisma\client\src\runtime\core\engines\client\ClientEngine.ts:171:29)
    at async Dt.#i (F:\Projects\repository\bodega-app\node_modules\@prisma\client\src\runtime\core\engines\client\ClientEngine.ts:194:16)
    at async Dt.request (F:\Projects\repository\bodega-app\node_modules\@prisma\client\src\runtime\core\engines\client\ClientEngine.ts:451:41)
    at async Object.singleLoader (F:\Projects\repository\bodega-app\node_modules\@prisma\client\src\runtime\RequestHandler.ts:112:26) {
  clientVersion: '7.3.0',
  [cause]: AggregateError [ECONNREFUSED]: 
      at internalConnectMultiple (node:net:1134:18)
      at afterConnectMultiple (node:net:1715:7) {
    code: 'ECONNREFUSED',
    [errors]: [ [Error], [Error] ]
  }
}
